current directory: /mnt/c/Users/shree/OneDrive/Desktop/shreeramgs.github.io/$HOME/.bundle/ruby/3.2.0/gems/prism-1.7.0/ext/prism
/usr/bin/ruby3.2 -I/usr/lib/ruby/vendor_ruby extconf.rb
checking for prism.h in /mnt/c/Users/shree/OneDrive/Desktop/shreeramgs.github.io/$HOME/.bundle/ruby/3.2.0/gems/prism-1.7.0/include... no
*** extconf.rb failed ***
Could not create Makefile due to some reason, probably lack of necessary
libraries and/or headers.  Check the mkmf.log file for more details.  You may
need configuration options.

Provided configuration options:
	--with-opt-dir
	--without-opt-dir
	--with-opt-include
	--without-opt-include=${opt-dir}/include
	--with-opt-lib
	--without-opt-lib=${opt-dir}/lib
	--with-make-prog
	--without-make-prog
	--srcdir=.
	--curdir
	--ruby=/usr/bin/$(RUBY_BASE_NAME)3.2
extconf.rb:78:in `<main>': prism.h is required (RuntimeError)

To see why this extension failed to compile, please check the mkmf.log which can be found here:

  /mnt/c/Users/shree/OneDrive/Desktop/shreeramgs.github.io/$HOME/.bundle/ruby/3.2.0/extensions/aarch64-linux-gnu/3.2.0/prism-1.7.0/mkmf.log

extconf failed, exit code 1
