find_header: checking for prism.h in /mnt/c/Users/shree/OneDrive/Desktop/shreeramgs.github.io/$HOME/.bundle/ruby/3.2.0/gems/prism-1.7.0/include... -------------------- no

LD_LIBRARY_PATH=.:/usr/lib/aarch64-linux-gnu "aarch64-linux-gnu-gcc -o conftest -I/usr/include/aarch64-linux-gnu/ruby-3.2.0 -I/usr/include/ruby-3.2.0/ruby/backward -I/usr/include/ruby-3.2.0 -I. -Wdate-time -D_FORTIFY_SOURCE=3   -g -O2 -fno-omit-frame-pointer -mno-omit-leaf-frame-pointer -ffile-prefix-map=BUILDDIR=. -fstack-protector-strong -fstack-clash-protection -Wformat -Werror=format-security -mbranch-protection=standard -fdebug-prefix-map=BUILDDIR=/usr/src/ruby3.2-3.2.3-1ubuntu0.24.04.5 -fPIC conftest.c  -L. -L/usr/lib/aarch64-linux-gnu -L. -Wl,-Bsymbolic-functions -Wl,-z,relro -Wl,-z,now -fstack-protector-strong -rdynamic -Wl,-export-dynamic -Wl,--no-as-needed     -lruby-3.2  -lm -lpthread  -lc"
checked program was:
/* begin */
1: #include "ruby.h"
2: 
3: int main(int argc, char **argv)
4: {
5:   return !!argv[argc];
6: }
/* end */

LD_LIBRARY_PATH=.:/usr/lib/aarch64-linux-gnu "aarch64-linux-gnu-gcc -I/usr/include/aarch64-linux-gnu/ruby-3.2.0 -I/usr/include/ruby-3.2.0/ruby/backward -I/usr/include/ruby-3.2.0 -I. -Wdate-time -D_FORTIFY_SOURCE=3   -g -O2 -fno-omit-frame-pointer -mno-omit-leaf-frame-pointer -ffile-prefix-map=BUILDDIR=. -fstack-protector-strong -fstack-clash-protection -Wformat -Werror=format-security -mbranch-protection=standard -fdebug-prefix-map=BUILDDIR=/usr/src/ruby3.2-3.2.3-1ubuntu0.24.04.5 -fPIC   -c conftest.c"
conftest.c:3:10: fatal error: prism.h: No such file or directory
    3 | #include <prism.h>
      |          ^~~~~~~~~
compilation terminated.
checked program was:
/* begin */
1: #include "ruby.h"
2: 
3: #include <prism.h>
/* end */

LD_LIBRARY_PATH=.:/usr/lib/aarch64-linux-gnu "aarch64-linux-gnu-gcc -I/usr/include/aarch64-linux-gnu/ruby-3.2.0 -I/usr/include/ruby-3.2.0/ruby/backward -I/usr/include/ruby-3.2.0 -I. -Wdate-time -D_FORTIFY_SOURCE=3   -g -O2 -fno-omit-frame-pointer -mno-omit-leaf-frame-pointer -ffile-prefix-map=BUILDDIR=. -fstack-protector-strong -fstack-clash-protection -Wformat -Werror=format-security -mbranch-protection=standard -fdebug-prefix-map=BUILDDIR=/usr/src/ruby3.2-3.2.3-1ubuntu0.24.04.5 -fPIC  -I/mnt/c/Users/shree/OneDrive/Desktop/shreeramgs.github.io/$HOME/.bundle/ruby/3.2.0/gems/prism-1.7.0/include -c conftest.c"
conftest.c:3:10: fatal error: prism.h: No such file or directory
    3 | #include <prism.h>
      |          ^~~~~~~~~
compilation terminated.
checked program was:
/* begin */
1: #include "ruby.h"
2: 
3: #include <prism.h>
/* end */

--------------------

